// Jest Snapshot v1, https://goo.gl/fbAQLP

exports[`Search Search Component should take a snapshot and pass in the data correctly 1`] = `
<ContextConsumer>
  <Component />
</ContextConsumer>
`;
