// Jest Snapshot v1, https://goo.gl/fbAQLP

exports[`ShowColor ShowColor component should match the snapshot with all the correct data passed in 1`] = `
<ContextConsumer>
  <Component />
</ContextConsumer>
`;
