// Jest Snapshot v1, https://goo.gl/fbAQLP

exports[`App App Component should match the correct snapshot with everything passed in correctly 1`] = `
<div
  className="App"
>
  <header
    className="App-header"
  >
    <Connect(Header) />
    <Connect(Navigation)
      updateCurrentType={[Function]}
    />
    <Banner
      type="eyeshadow"
    />
    <Connect(Search)
      handleChange={[Function]}
      type="eyeshadow"
    />
    <Switch>
      <Route
        exact={true}
        path="/"
      >
        <Redirect
          push={false}
          to="/eyeshadow"
        />
      </Route>
      <Route
        exact={true}
        path="/favorites"
        render={[Function]}
      />
      <Route
        exact={true}
        path="/eyeshadow"
        render={[Function]}
      />
      <Route
        path="/eyeshadow/:color"
        render={[Function]}
      />
      <Route
        component={[Function]}
        path="*"
      />
    </Switch>
  </header>
</div>
`;
