// Jest Snapshot v1, https://goo.gl/fbAQLP

exports[`ProductCard ProductCard component should have the correct snapshot with the correct data passed in 1`] = `
<ContextConsumer>
  <Component />
</ContextConsumer>
`;
