// Jest Snapshot v1, https://goo.gl/fbAQLP

exports[`Favorites Favorites component should match the snapshot with everything passed in correctly 1`] = `
<ContextConsumer>
  <Component />
</ContextConsumer>
`;
